// Jest Snapshot v1, https://goo.gl/fbAQLP

exports[`Side component renders url and method 1`] = `
<DocumentFragment>
  <section>
    <h3>
      GET
    </h3>
    <p>
      placecage.com
    </p>
  </section>
</DocumentFragment>
`;
